BEGIN COMMAND_LINE
END COMMAND_LINE

BEGIN COMMAND_EXPLAIN
END COMMAND_EXPLAIN

BEGIN DESCRIBE_TASKS
END DESCRIBE_TASKS

BEGIN GENOTYPES
sample1 # subpop. label: 1
0 0
0 1
sample2 # subpop. label: 2
0 1
1 1
sample3 # subpop. label: 1
0 1
0 1
END GENOTYPES
